2026-04-07 22:49:21 [INFO] Приложение запущено
2026-04-07 22:49:48 [INFO] Приложение запущено
2026-04-07 22:49:57 [INFO] Приложение запущено
2026-04-07 23:01:08 [INFO] Приложение запущено
2026-04-07 23:01:09 [ERROR] Ошибка БД при запуске
org.sqlite.SQLiteException: [SQLITE_CORRUPT] The database disk image is malformed (database disk image is malformed)
	at org.xerial.sqlitejdbc@3.44.1.0/org.sqlite.core.DB.newSQLException(DB.java:1179)
	at org.xerial.sqlitejdbc@3.44.1.0/org.sqlite.core.DB.newSQLException(DB.java:1190)
	at org.xerial.sqlitejdbc@3.44.1.0/org.sqlite.core.DB.throwex(DB.java:1150)
	at org.xerial.sqlitejdbc@3.44.1.0/org.sqlite.core.NativeDB.prepare_utf8(Native Method)
	at org.xerial.sqlitejdbc@3.44.1.0/org.sqlite.core.NativeDB.prepare(NativeDB.java:132)
	at org.xerial.sqlitejdbc@3.44.1.0/org.sqlite.core.DB.prepare(DB.java:264)
	at org.xerial.sqlitejdbc@3.44.1.0/org.sqlite.jdbc3.JDBC3Statement.lambda$execute$0(JDBC3Statement.java:53)
	at org.xerial.sqlitejdbc@3.44.1.0/org.sqlite.jdbc3.JDBC3Statement.withConnectionTimeout(JDBC3Statement.java:459)
	at org.xerial.sqlitejdbc@3.44.1.0/org.sqlite.jdbc3.JDBC3Statement.execute(JDBC3Statement.java:42)
	at com.example.weatherapp/com.example.weatherapp.WeatherController.initDatabase(WeatherController.java:228)
	at com.example.weatherapp/com.example.weatherapp.WeatherController.initialize(WeatherController.java:60)
	at java.base/jdk.internal.reflect.NativeMethodAccessorImpl.invoke0(Native Method)
	at java.base/jdk.internal.reflect.NativeMethodAccessorImpl.invoke(NativeMethodAccessorImpl.java:77)
	at java.base/jdk.internal.reflect.DelegatingMethodAccessorImpl.invoke(DelegatingMethodAccessorImpl.java:43)
	at java.base/java.lang.reflect.Method.invoke(Method.java:569)
	at com.sun.javafx.reflect.Trampoline.invoke(MethodUtil.java:77)
	at jdk.internal.reflect.GeneratedMethodAccessor2.invoke(Unknown Source)
	at java.base/jdk.internal.reflect.DelegatingMethodAccessorImpl.invoke(DelegatingMethodAccessorImpl.java:43)
	at java.base/java.lang.reflect.Method.invoke(Method.java:569)
	at javafx.base/com.sun.javafx.reflect.MethodUtil.invoke(MethodUtil.java:275)
	at javafx.fxml/com.sun.javafx.fxml.MethodHelper.invoke(MethodHelper.java:84)
	at javafx.fxml/javafx.fxml.FXMLLoader.loadImpl(FXMLLoader.java:2680)
	at javafx.fxml/javafx.fxml.FXMLLoader.loadImpl(FXMLLoader.java:2555)
	at javafx.fxml/javafx.fxml.FXMLLoader.load(FXMLLoader.java:2523)
	at com.example.weatherapp/com.example.weatherapp.WeatherApp.start(WeatherApp.java:14)
	at javafx.graphics/com.sun.javafx.application.LauncherImpl.lambda$launchApplication1$9(LauncherImpl.java:847)
	at javafx.graphics/com.sun.javafx.application.PlatformImpl.lambda$runAndWait$12(PlatformImpl.java:484)
	at javafx.graphics/com.sun.javafx.application.PlatformImpl.lambda$runLater$10(PlatformImpl.java:457)
	at java.base/java.security.AccessController.doPrivileged(AccessController.java:399)
	at javafx.graphics/com.sun.javafx.application.PlatformImpl.lambda$runLater$11(PlatformImpl.java:456)
	at javafx.graphics/com.sun.glass.ui.InvokeLaterDispatcher$Future.run(InvokeLaterDispatcher.java:96)
	at javafx.graphics/com.sun.glass.ui.win.WinApplication._runLoop(Native Method)
	at javafx.graphics/com.sun.glass.ui.win.WinApplication.lambda$runLoop$3(WinApplication.java:184)
	at java.base/java.lang.Thread.run(Thread.java:840)
2026-04-07 23:01:20 [INFO] Выбран город: Paris
2026-04-07 23:01:20 [ERROR] Ошибка сохранения в БД
2026-04-07 23:01:21 [ERROR] Критическая ошибка парсинга
java.lang.NullPointerException: Cannot invoke "javafx.scene.image.ImageView.setImage(javafx.scene.image.Image)" because "this.weatherIcon" is null
	at com.example.weatherapp/com.example.weatherapp.WeatherController.lambda$getWeather$2(WeatherController.java:119)
	at javafx.graphics/com.sun.javafx.application.PlatformImpl.lambda$runLater$10(PlatformImpl.java:457)
	at java.base/java.security.AccessController.doPrivileged(AccessController.java:399)
	at javafx.graphics/com.sun.javafx.application.PlatformImpl.lambda$runLater$11(PlatformImpl.java:456)
	at javafx.graphics/com.sun.glass.ui.InvokeLaterDispatcher$Future.run(InvokeLaterDispatcher.java:96)
	at javafx.graphics/com.sun.glass.ui.win.WinApplication._runLoop(Native Method)
	at javafx.graphics/com.sun.glass.ui.win.WinApplication.lambda$runLoop$3(WinApplication.java:184)
	at java.base/java.lang.Thread.run(Thread.java:840)
2026-04-07 23:01:21 [INFO] Выбран город: Paris
2026-04-07 23:01:21 [ERROR] Ошибка сохранения в БД
2026-04-07 23:01:21 [ERROR] Критическая ошибка парсинга
java.lang.NullPointerException: Cannot invoke "javafx.scene.image.ImageView.setImage(javafx.scene.image.Image)" because "this.weatherIcon" is null
	at com.example.weatherapp/com.example.weatherapp.WeatherController.lambda$getWeather$2(WeatherController.java:119)
	at javafx.graphics/com.sun.javafx.application.PlatformImpl.lambda$runLater$10(PlatformImpl.java:457)
	at java.base/java.security.AccessController.doPrivileged(AccessController.java:399)
	at javafx.graphics/com.sun.javafx.application.PlatformImpl.lambda$runLater$11(PlatformImpl.java:456)
	at javafx.graphics/com.sun.glass.ui.InvokeLaterDispatcher$Future.run(InvokeLaterDispatcher.java:96)
	at javafx.graphics/com.sun.glass.ui.win.WinApplication._runLoop(Native Method)
	at javafx.graphics/com.sun.glass.ui.win.WinApplication.lambda$runLoop$3(WinApplication.java:184)
	at java.base/java.lang.Thread.run(Thread.java:840)
2026-04-07 23:01:33 [INFO] Выбран город: City of London
2026-04-07 23:01:33 [ERROR] Ошибка сохранения в БД
2026-04-07 23:01:33 [ERROR] Критическая ошибка парсинга
java.lang.NullPointerException: Cannot invoke "javafx.scene.image.ImageView.setImage(javafx.scene.image.Image)" because "this.weatherIcon" is null
	at com.example.weatherapp/com.example.weatherapp.WeatherController.lambda$getWeather$2(WeatherController.java:119)
	at javafx.graphics/com.sun.javafx.application.PlatformImpl.lambda$runLater$10(PlatformImpl.java:457)
	at java.base/java.security.AccessController.doPrivileged(AccessController.java:399)
	at javafx.graphics/com.sun.javafx.application.PlatformImpl.lambda$runLater$11(PlatformImpl.java:456)
	at javafx.graphics/com.sun.glass.ui.InvokeLaterDispatcher$Future.run(InvokeLaterDispatcher.java:96)
	at javafx.graphics/com.sun.glass.ui.win.WinApplication._runLoop(Native Method)
	at javafx.graphics/com.sun.glass.ui.win.WinApplication.lambda$runLoop$3(WinApplication.java:184)
	at java.base/java.lang.Thread.run(Thread.java:840)
2026-04-07 23:01:33 [INFO] Выбран город: London
2026-04-07 23:01:33 [ERROR] Ошибка сохранения в БД
2026-04-07 23:01:34 [ERROR] Критическая ошибка парсинга
java.lang.NullPointerException: Cannot invoke "javafx.scene.image.ImageView.setImage(javafx.scene.image.Image)" because "this.weatherIcon" is null
	at com.example.weatherapp/com.example.weatherapp.WeatherController.lambda$getWeather$2(WeatherController.java:119)
	at javafx.graphics/com.sun.javafx.application.PlatformImpl.lambda$runLater$10(PlatformImpl.java:457)
	at java.base/java.security.AccessController.doPrivileged(AccessController.java:399)
	at javafx.graphics/com.sun.javafx.application.PlatformImpl.lambda$runLater$11(PlatformImpl.java:456)
	at javafx.graphics/com.sun.glass.ui.InvokeLaterDispatcher$Future.run(InvokeLaterDispatcher.java:96)
	at javafx.graphics/com.sun.glass.ui.win.WinApplication._runLoop(Native Method)
	at javafx.graphics/com.sun.glass.ui.win.WinApplication.lambda$runLoop$3(WinApplication.java:184)
	at java.base/java.lang.Thread.run(Thread.java:840)
2026-04-07 23:01:35 [INFO] Выбран город: City of London
2026-04-07 23:01:35 [ERROR] Ошибка сохранения в БД
2026-04-07 23:01:35 [ERROR] Критическая ошибка парсинга
java.lang.NullPointerException: Cannot invoke "javafx.scene.image.ImageView.setImage(javafx.scene.image.Image)" because "this.weatherIcon" is null
	at com.example.weatherapp/com.example.weatherapp.WeatherController.lambda$getWeather$2(WeatherController.java:119)
	at javafx.graphics/com.sun.javafx.application.PlatformImpl.lambda$runLater$10(PlatformImpl.java:457)
	at java.base/java.security.AccessController.doPrivileged(AccessController.java:399)
	at javafx.graphics/com.sun.javafx.application.PlatformImpl.lambda$runLater$11(PlatformImpl.java:456)
	at javafx.graphics/com.sun.glass.ui.InvokeLaterDispatcher$Future.run(InvokeLaterDispatcher.java:96)
	at javafx.graphics/com.sun.glass.ui.win.WinApplication._runLoop(Native Method)
	at javafx.graphics/com.sun.glass.ui.win.WinApplication.lambda$runLoop$3(WinApplication.java:184)
	at java.base/java.lang.Thread.run(Thread.java:840)
2026-04-07 23:01:35 [INFO] Выбран город: London
2026-04-07 23:01:35 [ERROR] Ошибка сохранения в БД
2026-04-07 23:01:36 [ERROR] Критическая ошибка парсинга
java.lang.NullPointerException: Cannot invoke "javafx.scene.image.ImageView.setImage(javafx.scene.image.Image)" because "this.weatherIcon" is null
	at com.example.weatherapp/com.example.weatherapp.WeatherController.lambda$getWeather$2(WeatherController.java:119)
	at javafx.graphics/com.sun.javafx.application.PlatformImpl.lambda$runLater$10(PlatformImpl.java:457)
	at java.base/java.security.AccessController.doPrivileged(AccessController.java:399)
	at javafx.graphics/com.sun.javafx.application.PlatformImpl.lambda$runLater$11(PlatformImpl.java:456)
	at javafx.graphics/com.sun.glass.ui.InvokeLaterDispatcher$Future.run(InvokeLaterDispatcher.java:96)
	at javafx.graphics/com.sun.glass.ui.win.WinApplication._runLoop(Native Method)
	at javafx.graphics/com.sun.glass.ui.win.WinApplication.lambda$runLoop$3(WinApplication.java:184)
	at java.base/java.lang.Thread.run(Thread.java:840)
2026-04-07 23:01:38 [INFO] Выбран город: London
2026-04-07 23:01:38 [ERROR] Ошибка сохранения в БД
2026-04-07 23:01:39 [ERROR] Критическая ошибка парсинга
java.lang.NullPointerException: Cannot invoke "javafx.scene.image.ImageView.setImage(javafx.scene.image.Image)" because "this.weatherIcon" is null
	at com.example.weatherapp/com.example.weatherapp.WeatherController.lambda$getWeather$2(WeatherController.java:119)
	at javafx.graphics/com.sun.javafx.application.PlatformImpl.lambda$runLater$10(PlatformImpl.java:457)
	at java.base/java.security.AccessController.doPrivileged(AccessController.java:399)
	at javafx.graphics/com.sun.javafx.application.PlatformImpl.lambda$runLater$11(PlatformImpl.java:456)
	at javafx.graphics/com.sun.glass.ui.InvokeLaterDispatcher$Future.run(InvokeLaterDispatcher.java:96)
	at javafx.graphics/com.sun.glass.ui.win.WinApplication._runLoop(Native Method)
	at javafx.graphics/com.sun.glass.ui.win.WinApplication.lambda$runLoop$3(WinApplication.java:184)
	at java.base/java.lang.Thread.run(Thread.java:840)
2026-04-07 23:38:10 [INFO] Приложение запущено
2026-04-07 23:38:10 [ERROR] Ошибка БД при запуске
org.sqlite.SQLiteException: [SQLITE_CORRUPT] The database disk image is malformed (database disk image is malformed)
	at org.xerial.sqlitejdbc@3.44.1.0/org.sqlite.core.DB.newSQLException(DB.java:1179)
	at org.xerial.sqlitejdbc@3.44.1.0/org.sqlite.core.DB.newSQLException(DB.java:1190)
	at org.xerial.sqlitejdbc@3.44.1.0/org.sqlite.core.DB.throwex(DB.java:1150)
	at org.xerial.sqlitejdbc@3.44.1.0/org.sqlite.core.NativeDB.prepare_utf8(Native Method)
	at org.xerial.sqlitejdbc@3.44.1.0/org.sqlite.core.NativeDB.prepare(NativeDB.java:132)
	at org.xerial.sqlitejdbc@3.44.1.0/org.sqlite.core.DB.prepare(DB.java:264)
	at org.xerial.sqlitejdbc@3.44.1.0/org.sqlite.jdbc3.JDBC3Statement.lambda$execute$0(JDBC3Statement.java:53)
	at org.xerial.sqlitejdbc@3.44.1.0/org.sqlite.jdbc3.JDBC3Statement.withConnectionTimeout(JDBC3Statement.java:459)
	at org.xerial.sqlitejdbc@3.44.1.0/org.sqlite.jdbc3.JDBC3Statement.execute(JDBC3Statement.java:42)
	at com.example.weatherapp/com.example.weatherapp.WeatherController.initDatabase(WeatherController.java:227)
	at com.example.weatherapp/com.example.weatherapp.WeatherController.initialize(WeatherController.java:61)
	at java.base/jdk.internal.reflect.NativeMethodAccessorImpl.invoke0(Native Method)
	at java.base/jdk.internal.reflect.NativeMethodAccessorImpl.invoke(NativeMethodAccessorImpl.java:77)
	at java.base/jdk.internal.reflect.DelegatingMethodAccessorImpl.invoke(DelegatingMethodAccessorImpl.java:43)
	at java.base/java.lang.reflect.Method.invoke(Method.java:569)
	at com.sun.javafx.reflect.Trampoline.invoke(MethodUtil.java:77)
	at jdk.internal.reflect.GeneratedMethodAccessor2.invoke(Unknown Source)
	at java.base/jdk.internal.reflect.DelegatingMethodAccessorImpl.invoke(DelegatingMethodAccessorImpl.java:43)
	at java.base/java.lang.reflect.Method.invoke(Method.java:569)
	at javafx.base/com.sun.javafx.reflect.MethodUtil.invoke(MethodUtil.java:275)
	at javafx.fxml/com.sun.javafx.fxml.MethodHelper.invoke(MethodHelper.java:84)
	at javafx.fxml/javafx.fxml.FXMLLoader.loadImpl(FXMLLoader.java:2680)
	at javafx.fxml/javafx.fxml.FXMLLoader.loadImpl(FXMLLoader.java:2555)
	at javafx.fxml/javafx.fxml.FXMLLoader.load(FXMLLoader.java:2523)
	at com.example.weatherapp/com.example.weatherapp.WeatherApp.start(WeatherApp.java:14)
	at javafx.graphics/com.sun.javafx.application.LauncherImpl.lambda$launchApplication1$9(LauncherImpl.java:847)
	at javafx.graphics/com.sun.javafx.application.PlatformImpl.lambda$runAndWait$12(PlatformImpl.java:484)
	at javafx.graphics/com.sun.javafx.application.PlatformImpl.lambda$runLater$10(PlatformImpl.java:457)
	at java.base/java.security.AccessController.doPrivileged(AccessController.java:399)
	at javafx.graphics/com.sun.javafx.application.PlatformImpl.lambda$runLater$11(PlatformImpl.java:456)
	at javafx.graphics/com.sun.glass.ui.InvokeLaterDispatcher$Future.run(InvokeLaterDispatcher.java:96)
	at javafx.graphics/com.sun.glass.ui.win.WinApplication._runLoop(Native Method)
	at javafx.graphics/com.sun.glass.ui.win.WinApplication.lambda$runLoop$3(WinApplication.java:184)
	at java.base/java.lang.Thread.run(Thread.java:840)
2026-04-07 23:38:20 [INFO] Выбран город: London
2026-04-07 23:38:20 [ERROR] Ошибка сохранения в БД
2026-04-07 23:38:20 [ERROR] Критическая ошибка парсинга
java.lang.NullPointerException: Cannot invoke "javafx.scene.image.ImageView.setImage(javafx.scene.image.Image)" because "this.weatherIcon" is null
	at com.example.weatherapp/com.example.weatherapp.WeatherController.lambda$getWeather$2(WeatherController.java:119)
	at javafx.graphics/com.sun.javafx.application.PlatformImpl.lambda$runLater$10(PlatformImpl.java:457)
	at java.base/java.security.AccessController.doPrivileged(AccessController.java:399)
	at javafx.graphics/com.sun.javafx.application.PlatformImpl.lambda$runLater$11(PlatformImpl.java:456)
	at javafx.graphics/com.sun.glass.ui.InvokeLaterDispatcher$Future.run(InvokeLaterDispatcher.java:96)
	at javafx.graphics/com.sun.glass.ui.win.WinApplication._runLoop(Native Method)
	at javafx.graphics/com.sun.glass.ui.win.WinApplication.lambda$runLoop$3(WinApplication.java:184)
	at java.base/java.lang.Thread.run(Thread.java:840)
2026-04-07 23:38:21 [INFO] Выбран город: London
2026-04-07 23:38:21 [ERROR] Ошибка сохранения в БД
2026-04-07 23:38:21 [ERROR] Критическая ошибка парсинга
java.lang.NullPointerException: Cannot invoke "javafx.scene.image.ImageView.setImage(javafx.scene.image.Image)" because "this.weatherIcon" is null
	at com.example.weatherapp/com.example.weatherapp.WeatherController.lambda$getWeather$2(WeatherController.java:119)
	at javafx.graphics/com.sun.javafx.application.PlatformImpl.lambda$runLater$10(PlatformImpl.java:457)
	at java.base/java.security.AccessController.doPrivileged(AccessController.java:399)
	at javafx.graphics/com.sun.javafx.application.PlatformImpl.lambda$runLater$11(PlatformImpl.java:456)
	at javafx.graphics/com.sun.glass.ui.InvokeLaterDispatcher$Future.run(InvokeLaterDispatcher.java:96)
	at javafx.graphics/com.sun.glass.ui.win.WinApplication._runLoop(Native Method)
	at javafx.graphics/com.sun.glass.ui.win.WinApplication.lambda$runLoop$3(WinApplication.java:184)
	at java.base/java.lang.Thread.run(Thread.java:840)
2026-04-07 23:47:50 [INFO] Приложение запущено
2026-04-07 23:47:50 [ERROR] Ошибка БД при запуске
org.sqlite.SQLiteException: [SQLITE_CORRUPT] The database disk image is malformed (database disk image is malformed)
	at org.xerial.sqlitejdbc@3.44.1.0/org.sqlite.core.DB.newSQLException(DB.java:1179)
	at org.xerial.sqlitejdbc@3.44.1.0/org.sqlite.core.DB.newSQLException(DB.java:1190)
	at org.xerial.sqlitejdbc@3.44.1.0/org.sqlite.core.DB.throwex(DB.java:1150)
	at org.xerial.sqlitejdbc@3.44.1.0/org.sqlite.core.NativeDB.prepare_utf8(Native Method)
	at org.xerial.sqlitejdbc@3.44.1.0/org.sqlite.core.NativeDB.prepare(NativeDB.java:132)
	at org.xerial.sqlitejdbc@3.44.1.0/org.sqlite.core.DB.prepare(DB.java:264)
	at org.xerial.sqlitejdbc@3.44.1.0/org.sqlite.jdbc3.JDBC3Statement.lambda$execute$0(JDBC3Statement.java:53)
	at org.xerial.sqlitejdbc@3.44.1.0/org.sqlite.jdbc3.JDBC3Statement.withConnectionTimeout(JDBC3Statement.java:459)
	at org.xerial.sqlitejdbc@3.44.1.0/org.sqlite.jdbc3.JDBC3Statement.execute(JDBC3Statement.java:42)
	at com.example.weatherapp/com.example.weatherapp.WeatherController.initDatabase(WeatherController.java:227)
	at com.example.weatherapp/com.example.weatherapp.WeatherController.initialize(WeatherController.java:61)
	at java.base/jdk.internal.reflect.NativeMethodAccessorImpl.invoke0(Native Method)
	at java.base/jdk.internal.reflect.NativeMethodAccessorImpl.invoke(NativeMethodAccessorImpl.java:77)
	at java.base/jdk.internal.reflect.DelegatingMethodAccessorImpl.invoke(DelegatingMethodAccessorImpl.java:43)
	at java.base/java.lang.reflect.Method.invoke(Method.java:569)
	at com.sun.javafx.reflect.Trampoline.invoke(MethodUtil.java:77)
	at jdk.internal.reflect.GeneratedMethodAccessor2.invoke(Unknown Source)
	at java.base/jdk.internal.reflect.DelegatingMethodAccessorImpl.invoke(DelegatingMethodAccessorImpl.java:43)
	at java.base/java.lang.reflect.Method.invoke(Method.java:569)
	at javafx.base/com.sun.javafx.reflect.MethodUtil.invoke(MethodUtil.java:275)
	at javafx.fxml/com.sun.javafx.fxml.MethodHelper.invoke(MethodHelper.java:84)
	at javafx.fxml/javafx.fxml.FXMLLoader.loadImpl(FXMLLoader.java:2680)
	at javafx.fxml/javafx.fxml.FXMLLoader.loadImpl(FXMLLoader.java:2555)
	at javafx.fxml/javafx.fxml.FXMLLoader.load(FXMLLoader.java:2523)
	at com.example.weatherapp/com.example.weatherapp.WeatherApp.start(WeatherApp.java:14)
	at javafx.graphics/com.sun.javafx.application.LauncherImpl.lambda$launchApplication1$9(LauncherImpl.java:847)
	at javafx.graphics/com.sun.javafx.application.PlatformImpl.lambda$runAndWait$12(PlatformImpl.java:484)
	at javafx.graphics/com.sun.javafx.application.PlatformImpl.lambda$runLater$10(PlatformImpl.java:457)
	at java.base/java.security.AccessController.doPrivileged(AccessController.java:399)
	at javafx.graphics/com.sun.javafx.application.PlatformImpl.lambda$runLater$11(PlatformImpl.java:456)
	at javafx.graphics/com.sun.glass.ui.InvokeLaterDispatcher$Future.run(InvokeLaterDispatcher.java:96)
	at javafx.graphics/com.sun.glass.ui.win.WinApplication._runLoop(Native Method)
	at javafx.graphics/com.sun.glass.ui.win.WinApplication.lambda$runLoop$3(WinApplication.java:184)
	at java.base/java.lang.Thread.run(Thread.java:840)
2026-04-07 23:48:13 [INFO] Выбран город: London
2026-04-07 23:48:13 [ERROR] Ошибка сохранения в БД
2026-04-07 23:48:13 [INFO] Выбран город: London
2026-04-07 23:48:13 [ERROR] Ошибка сохранения в БД
2026-04-07 23:48:37 [INFO] Выбран город: New York
2026-04-07 23:48:37 [ERROR] Ошибка сохранения в БД
2026-04-07 23:49:33 [INFO] Выбран город: Miami
2026-04-07 23:49:33 [ERROR] Ошибка сохранения в БД
2026-04-07 23:49:50 [INFO] Выбран город: Moscow
2026-04-07 23:49:50 [ERROR] Ошибка сохранения в БД
2026-04-07 23:49:55 [INFO] Выбран город: Moscow
2026-04-07 23:49:55 [ERROR] Ошибка сохранения в БД
